// Jest Snapshot v1, https://goo.gl/fbAQLP

exports[`<Layout /> should render 1`] = `
.c1 {
  display: -webkit-box;
  display: -webkit-flex;
  display: -ms-flexbox;
  display: flex;
  width: 100%;
  grid-area: menu;
  -webkit-box-pack: center;
  -webkit-justify-content: center;
  -ms-flex-pack: center;
  justify-content: center;
  padding: 1.5rem;
}

.c3 {
  display: -webkit-box;
  display: -webkit-flex;
  display: -ms-flexbox;
  display: flex;
  border-radius: 1rem;
  padding: 1.5rem;
}

.c2 {
  border-radius: 1rem;
  height: 2rem;
  display: -webkit-box;
  display: -webkit-flex;
  display: -ms-flexbox;
  display: flex;
  -webkit-align-items: center;
  -webkit-box-align: center;
  -ms-flex-align: center;
  align-items: center;
  gap: 2rem;
}

.c4 {
  border: 0.1rem solid #A75E55;
  -webkit-transition: border 200ms;
  transition: border 200ms;
  display: -webkit-box;
  display: -webkit-flex;
  display: -ms-flexbox;
  display: flex;
  -webkit-box-pack: center;
  -webkit-justify-content: center;
  -ms-flex-pack: center;
  justify-content: center;
  -webkit-align-items: center;
  -webkit-box-align: center;
  -ms-flex-align: center;
  align-items: center;
}

.c4:focus,
.c4:active {
  border: 0.1rem solid #6D5063;
}

.c6 {
  display: grid;
  width: 100%;
  background-color: #000000;
  grid-area: footer;
  padding: 1.5rem;
}

.c7 {
  display: -webkit-box;
  display: -webkit-flex;
  display: -ms-flexbox;
  display: flex;
  -webkit-flex-direction: column;
  -ms-flex-direction: column;
  flex-direction: column;
  gap: 1.5rem;
}

.c0 {
  display: grid;
  width: 100vw;
  height: 100vh;
  -webkit-box-pack: stretch;
  -webkit-justify-content: stretch;
  -ms-flex-pack: stretch;
  justify-content: stretch;
  -webkit-align-items: stretch;
  -webkit-box-align: stretch;
  -ms-flex-align: stretch;
  align-items: stretch;
  grid-template: 'main' 'footer' 'menu';
}

.c5 {
  grid-area: main;
  display: -webkit-box;
  display: -webkit-flex;
  display: -ms-flexbox;
  display: flex;
  -webkit-box-pack: center;
  -webkit-justify-content: center;
  -ms-flex-pack: center;
  justify-content: center;
  -webkit-align-items: center;
  -webkit-box-align: center;
  -ms-flex-align: center;
  align-items: center;
}

@media (min-width:1200px) {
  .c0 {
    grid-template: 'menu' 'main' 'footer';
  }
}

<div
  class="c0"
>
  <header
    class="c1"
  >
    <div
      class="c2"
    >
      <a
        href="/"
      >
        Logo
      </a>
      <form
        class="c3"
      >
        <label
          class="c4"
        >
          teste
          <input
            class="Menustyles__Input-sc-1pqmg6w-2"
          />
        </label>
        <label
          class="c4"
        >
          teste2
          <input
            class="Menustyles__Input-sc-1pqmg6w-2"
          />
        </label>
      </form>
    </div>
  </header>
  <div
    class="c5"
  />
  <div
    class="c6"
  >
    <ul
      class="c7"
    >
      <h2>
        rotas
      </h2>
      <li
        class="Footerstyles__GroupLink-sc-z3hj90-2"
      >
        <a
          href="/"
        >
          Home
        </a>
      </li>
      <li
        class="Footerstyles__GroupLink-sc-z3hj90-2"
      >
        <a
          href="/teste"
        >
          Teste
        </a>
      </li>
    </ul>
  </div>
</div>
`;
